
> vacation-scheduler@1.0.0 test
> react-scripts test --watchAll=false

node.exe : PASS src/utils/overlap.test.js
At line:1 char:1
+ & "C:\Program Files\nodejs/node.exe" "C:\Program 
Files\nodejs/node_mo ...
+ ~~~~~~~~~~~~~~~~~~~~~~~~~~~~~~~~~~~~~~~~~~~~~~~~~~~~~~~~~~~~~
~~~~~~~~
    + CategoryInfo          : NotSpecified: (PASS src/utils/ov 
   erlap.test.js:String) [], RemoteException
    + FullyQualifiedErrorId : NativeCommandError
 
PASS src/firebase.test.js
  ÔùÅ Console

    console.error
      Error creating group: Error: Firebase error
          at Object.<anonymous> (C:\Users\leotm\Desktop\Projeto
s\Programming\vacation-scheduler\src\firebase.test.js:95:35)
          at Promise.then.completed (C:\Users\leotm\Desktop\Pro
jetos\Programming\vacation-scheduler\node_modules\jest-circus\b
uild\utils.js:391:28)
          at new Promise (<anonymous>)
          at callAsyncCircusFn (C:\Users\leotm\Desktop\Projetos
\Programming\vacation-scheduler\node_modules\jest-circus\build\
utils.js:316:10)
          at _callCircusTest (C:\Users\leotm\Desktop\Projetos\P
rogramming\vacation-scheduler\node_modules\jest-circus\build\ru
n.js:218:40)
          at processTicksAndRejections 
(node:internal/process/task_queues:103:5)
          at _runTest (C:\Users\leotm\Desktop\Projetos\Programm
ing\vacation-scheduler\node_modules\jest-circus\build\run.js:15
5:3)
          at _runTestsForDescribeBlock (C:\Users\leotm\Desktop\
Projetos\Programming\vacation-scheduler\node_modules\jest-circu
s\build\run.js:66:9)
          at _runTestsForDescribeBlock (C:\Users\leotm\Desktop\
Projetos\Programming\vacation-scheduler\node_modules\jest-circu
s\build\run.js:60:9)
          at run (C:\Users\leotm\Desktop\Projetos\Programming\v
acation-scheduler\node_modules\jest-circus\build\run.js:25:3)
          at runAndTransformResultsToJestFormat (C:\Users\leotm
\Desktop\Projetos\Programming\vacation-scheduler\node_modules\j
est-circus\build\legacy-code-todo-rewrite\jestAdapterInit.js:17
0:21)
          at jestAdapter (C:\Users\leotm\Desktop\Projetos\Progr
amming\vacation-scheduler\node_modules\jest-circus\build\legacy
-code-todo-rewrite\jestAdapter.js:82:19)
          at runTestInternal (C:\Users\leotm\Desktop\Projetos\P
rogramming\vacation-scheduler\node_modules\jest-runner\build\ru
nTest.js:389:16)
          at runTest (C:\Users\leotm\Desktop\Projetos\Programmi
ng\vacation-scheduler\node_modules\jest-runner\build\runTest.js
:475:34)
          at Object.worker (C:\Users\leotm\Desktop\Projetos\Pro
gramming\vacation-scheduler\node_modules\jest-runner\build\test
Worker.js:133:12)

    [0m [90m 41 |[39m     [36mreturn[39m { 
groupId[33m,[39m adminToken }[33m;[39m
     [90m 42 |[39m   } [36mcatch[39m (error) {
    [31m[1m>[22m[39m[90m 43 |[39m     
console[33m.[39merror([32m"Error creating 
group:"[39m[33m,[39m error)[33m;[39m
     [90m    |[39m             [31m[1m^[22m[39m
     [90m 44 |[39m     [36mthrow[39m [36mnew[39m 
[33mError[39m([32m`Failed to create group: 
${error.message}`[39m)[33m;[39m
     [90m 45 |[39m   }
     [90m 46 |[39m }[33m;[39m[0m

      at createGroup (src/services/groupService.js:43:13)
      at Object.<anonymous> (src/firebase.test.js:97:5)

PASS src/utils/participantValidation.test.js
PASS src/utils/export.test.js
PASS src/utils/crypto.test.js
PASS src/shared/ui/TruncatedText.test.js
PASS src/components/ResultsDisplay.test.js
PASS src/components/CalendarView.test.js
FAIL src/components/ParticipantView.test.js
  ÔùÅ Test suite failed to run

    Jest encountered an unexpected token

    Jest failed to parse a file. This happens e.g. when your 
code or its dependencies use non-standard JavaScript syntax, 
or when Jest is not configured to support such syntax.

    Out of the box Jest supports Babel, which will be used to 
transform your files into valid JS based on your Babel 
configuration.

    By default "node_modules" folder is ignored by 
transformers.

    Here's what you can do:
     ÔÇó If you are trying to use ECMAScript Modules, see 
https://jestjs.io/docs/ecmascript-modules for how to enable it.
     ÔÇó If you are trying to use TypeScript, see 
https://jestjs.io/docs/getting-started#using-typescript
     ÔÇó To have some of your "node_modules" files 
transformed, you can specify a custom 
"transformIgnorePatterns" in your config.
     ÔÇó If you need a custom transformation specify a 
"transform" option in your config.
     ÔÇó If you simply want to mock your non-JS modules (e.g. 
binary assets) you can stub them out with the 
"moduleNameMapper" config option.

    You'll find more details and examples of these config 
options in the docs:
    https://jestjs.io/docs/configuration
    For information about custom transformations, see:
    https://jestjs.io/docs/code-transformation

    Details:

    SyntaxError: C:\Users\leotm\Desktop\Projetos\Programming\va
cation-scheduler\src\shared\ui\index.js: `Modal` has already 
been exported. Exported identifiers must be unique. (3:9)

    [0m [90m 1 |[39m [36mexport[39m { [36mdefault[39m 
[36mas[39m [33mModal[39m } [36mfrom[39m 
[32m'./Modal'[39m[33m;[39m
     [90m 2 |[39m [36mexport[39m { [36mdefault[39m 
[36mas[39m [33mInput[39m[33m,[39m 
[33mReadOnlyInput[39m[33m,[39m [33mLabel[39m[33m,[39m 
[33mTextarea[39m } [36mfrom[39m 
[32m'./Input'[39m[33m;[39m
    [31m[1m>[22m[39m[90m 3 |[39m [36mexport[39m { 
[36mdefault[39m [36mas[39m [33mModal[39m } 
[36mfrom[39m [32m'./Modal'[39m[33m;[39m
     [90m   |[39m          [31m[1m^[22m[39m
     [90m 4 |[39m [36mexport[39m { [36mdefault[39m 
[36mas[39m [33mInput[39m[33m,[39m 
[33mReadOnlyInput[39m[33m,[39m [33mLabel[39m[33m,[39m 
[33mTextarea[39m } [36mfrom[39m 
[32m'./Input'[39m[33m;[39m
     [90m 5 |[39m [36mexport[39m { [36mdefault[39m 
[36mas[39m [33mButton[39m } [36mfrom[39m 
[32m'./Button'[39m[33m;[39m
     [90m 6 |[39m [36mexport[39m { [36mdefault[39m 
[36mas[39m [33mCopyButton[39m } [36mfrom[39m 
[32m'./CopyButton'[39m[33m;[39m[0m

    [0m [90m 3 |[39m [36mimport[39m { 
addParticipant[33m,[39m updateParticipant[33m,[39m 
getParticipant[33m,[39m subscribeToParticipants } 
[36mfrom[39m 
[32m'../services/participantService'[39m[33m;[39m
     [90m 4 |[39m [36mimport[39m { 
getDatesBetween[33m,[39m calculateOverlap[33m,[39m 
getBestOverlapPeriods } [36mfrom[39m 
[32m'../utils/overlap'[39m[33m;[39m
    [31m[1m>[22m[39m[90m 5 |[39m [36mimport[39m { 
[33mReadOnlyInput[39m[33m,[39m 
[33mCopyButton[39m[33m,[39m [33mButton[39m[33m,[39m 
[33mLoadingSpinner[39m[33m,[39m [33mCard[39m[33m,[39m 
[33mTruncatedText[39m } [36mfrom[39m 
[32m'../shared/ui'[39m[33m;[39m
     [90m   |[39m [31m[1m^[22m[39m
     [90m 6 |[39m [36mimport[39m { useNotification } 
[36mfrom[39m 
[32m'../context/NotificationContext'[39m[33m;[39m
     [90m 7 |[39m [36mimport[39m { useGroupContext } 
[36mfrom[39m [32m'../shared/context'[39m[33m;[39m
     [90m 8 |[39m[0m

      at toParseError 
(node_modules/@babel/parser/src/parse-error.ts:95:45)
      at FlowParserMixin.raise 
(node_modules/@babel/parser/src/tokenizer/index.ts:1504:19)
      at FlowParserMixin.checkDuplicateExports 
(node_modules/@babel/parser/src/parser/statement.ts:2848:14)
      at FlowParserMixin.checkExport 
(node_modules/@babel/parser/src/parser/statement.ts:2775:16)
      at FlowParserMixin.parseExport 
(node_modules/@babel/parser/src/parser/statement.ts:2439:12)
      at FlowParserMixin.parseStatementContent 
(node_modules/@babel/parser/src/parser/statement.ts:649:25)
      at FlowParserMixin.parseStatementLike 
(node_modules/@babel/parser/src/parser/statement.ts:482:17)
      at FlowParserMixin.parseStatementLike 
(node_modules/@babel/parser/src/plugins/flow/index.ts:1991:26)
      at FlowParserMixin.parseModuleItem 
(node_modules/@babel/parser/src/parser/statement.ts:419:17)
      at FlowParserMixin.parseBlockOrModuleBlockBody 
(node_modules/@babel/parser/src/parser/statement.ts:1443:16)
      at FlowParserMixin.parseBlockBody 
(node_modules/@babel/parser/src/parser/statement.ts:1417:10)
      at FlowParserMixin.parseProgram 
(node_modules/@babel/parser/src/parser/statement.ts:229:10)
      at FlowParserMixin.parseTopLevel 
(node_modules/@babel/parser/src/parser/statement.ts:203:25)
      at FlowParserMixin.parseTopLevel 
(node_modules/@babel/parser/src/plugins/flow/index.ts:3372:30)
      at FlowParserMixin.parse 
(node_modules/@babel/parser/src/parser/index.ts:83:25)
      at parse (node_modules/@babel/parser/src/index.ts:86:38)
      at parser 
(node_modules/@babel/core/src/parser/index.ts:29:19)
          at parser.next (<anonymous>)
      at normalizeFile (node_modules/@babel/core/src/transforma
tion/normalize-file.ts:50:24)
          at normalizeFile.next (<anonymous>)
      at run 
(node_modules/@babel/core/src/transformation/index.ts:41:36)
          at run.next (<anonymous>)
      at transform 
(node_modules/@babel/core/src/transform.ts:29:20)
          at transform.next (<anonymous>)
      at evaluateSync (node_modules/gensync/index.js:251:28)
      at fn (node_modules/gensync/index.js:89:14)
      at stopHiding - secret - don't use this - v1 (node_module
s/@babel/core/src/errors/rewrite-stack-trace.ts:99:14)
      at transformSync 
(node_modules/@babel/core/src/transform.ts:66:52)
      at ScriptTransformer.transformSource (node_modules/@jest/
transform/build/ScriptTransformer.js:619:31)
      at ScriptTransformer._transformAndBuildScript (node_modul
es/@jest/transform/build/ScriptTransformer.js:765:40)
      at ScriptTransformer.transform (node_modules/@jest/transf
orm/build/ScriptTransformer.js:822:19)
      at Object.<anonymous> 
(src/components/ParticipantView.js:5:1)
      at Object.<anonymous> 
(src/components/ParticipantView.test.js:3:1)

FAIL src/features/recovery/RecoverAdminForm.test.js
  ÔùÅ Test suite failed to run

    Jest encountered an unexpected token

    Jest failed to parse a file. This happens e.g. when your 
code or its dependencies use non-standard JavaScript syntax, 
or when Jest is not configured to support such syntax.

    Out of the box Jest supports Babel, which will be used to 
transform your files into valid JS based on your Babel 
configuration.

    By default "node_modules" folder is ignored by 
transformers.

    Here's what you can do:
     ÔÇó If you are trying to use ECMAScript Modules, see 
https://jestjs.io/docs/ecmascript-modules for how to enable it.
     ÔÇó If you are trying to use TypeScript, see 
https://jestjs.io/docs/getting-started#using-typescript
     ÔÇó To have some of your "node_modules" files 
transformed, you can specify a custom 
"transformIgnorePatterns" in your config.
     ÔÇó If you need a custom transformation specify a 
"transform" option in your config.
     ÔÇó If you simply want to mock your non-JS modules (e.g. 
binary assets) you can stub them out with the 
"moduleNameMapper" config option.

    You'll find more details and examples of these config 
options in the docs:
    https://jestjs.io/docs/configuration
    For information about custom transformations, see:
    https://jestjs.io/docs/code-transformation

    Details:

    SyntaxError: C:\Users\leotm\Desktop\Projetos\Programming\va
cation-scheduler\src\shared\ui\index.js: `Modal` has already 
been exported. Exported identifiers must be unique. (3:9)

    [0m [90m 1 |[39m [36mexport[39m { [36mdefault[39m 
[36mas[39m [33mModal[39m } [36mfrom[39m 
[32m'./Modal'[39m[33m;[39m
     [90m 2 |[39m [36mexport[39m { [36mdefault[39m 
[36mas[39m [33mInput[39m[33m,[39m 
[33mReadOnlyInput[39m[33m,[39m [33mLabel[39m[33m,[39m 
[33mTextarea[39m } [36mfrom[39m 
[32m'./Input'[39m[33m;[39m
    [31m[1m>[22m[39m[90m 3 |[39m [36mexport[39m { 
[36mdefault[39m [36mas[39m [33mModal[39m } 
[36mfrom[39m [32m'./Modal'[39m[33m;[39m
     [90m   |[39m          [31m[1m^[22m[39m
     [90m 4 |[39m [36mexport[39m { [36mdefault[39m 
[36mas[39m [33mInput[39m[33m,[39m 
[33mReadOnlyInput[39m[33m,[39m [33mLabel[39m[33m,[39m 
[33mTextarea[39m } [36mfrom[39m 
[32m'./Input'[39m[33m;[39m
     [90m 5 |[39m [36mexport[39m { [36mdefault[39m 
[36mas[39m [33mButton[39m } [36mfrom[39m 
[32m'./Button'[39m[33m;[39m
     [90m 6 |[39m [36mexport[39m { [36mdefault[39m 
[36mas[39m [33mCopyButton[39m } [36mfrom[39m 
[32m'./CopyButton'[39m[33m;[39m[0m

    [0m [90m 4 |[39m [36mimport[39m { 
[33mKeyRound[39m[33m,[39m [33mMail[39m[33m,[39m 
[33mEye[39m[33m,[39m [33mEyeOff[39m[33m,[39m 
[33mArrowRight[39m[33m,[39m [33mLoader2[39m[33m,[39m 
[33mSearch[39m } [36mfrom[39m 
[32m'lucide-react'[39m[33m;[39m
     [90m 5 |[39m [36mimport[39m { useNotification } 
[36mfrom[39m 
[32m'../../context/NotificationContext'[39m[33m;[39m
    [31m[1m>[22m[39m[90m 6 |[39m [36mimport[39m { 
[33mInput[39m[33m,[39m [33mLabel[39m[33m,[39m 
[33mButton[39m } [36mfrom[39m 
[32m'../../shared/ui'[39m[33m;[39m
     [90m   |[39m [31m[1m^[22m[39m
     [90m 7 |[39m
     [90m 8 |[39m [90m/**[39m
     [90m 9 |[39m [90m * RecoverAdminForm[39m[0m

      at toParseError 
(node_modules/@babel/parser/src/parse-error.ts:95:45)
      at FlowParserMixin.raise 
(node_modules/@babel/parser/src/tokenizer/index.ts:1504:19)
      at FlowParserMixin.checkDuplicateExports 
(node_modules/@babel/parser/src/parser/statement.ts:2848:14)
      at FlowParserMixin.checkExport 
(node_modules/@babel/parser/src/parser/statement.ts:2775:16)
      at FlowParserMixin.parseExport 
(node_modules/@babel/parser/src/parser/statement.ts:2439:12)
      at FlowParserMixin.parseStatementContent 
(node_modules/@babel/parser/src/parser/statement.ts:649:25)
      at FlowParserMixin.parseStatementLike 
(node_modules/@babel/parser/src/parser/statement.ts:482:17)
      at FlowParserMixin.parseStatementLike 
(node_modules/@babel/parser/src/plugins/flow/index.ts:1991:26)
      at FlowParserMixin.parseModuleItem 
(node_modules/@babel/parser/src/parser/statement.ts:419:17)
      at FlowParserMixin.parseBlockOrModuleBlockBody 
(node_modules/@babel/parser/src/parser/statement.ts:1443:16)
      at FlowParserMixin.parseBlockBody 
(node_modules/@babel/parser/src/parser/statement.ts:1417:10)
      at FlowParserMixin.parseProgram 
(node_modules/@babel/parser/src/parser/statement.ts:229:10)
      at FlowParserMixin.parseTopLevel 
(node_modules/@babel/parser/src/parser/statement.ts:203:25)
      at FlowParserMixin.parseTopLevel 
(node_modules/@babel/parser/src/plugins/flow/index.ts:3372:30)
      at FlowParserMixin.parse 
(node_modules/@babel/parser/src/parser/index.ts:83:25)
      at parse (node_modules/@babel/parser/src/index.ts:86:38)
      at parser 
(node_modules/@babel/core/src/parser/index.ts:29:19)
          at parser.next (<anonymous>)
      at normalizeFile (node_modules/@babel/core/src/transforma
tion/normalize-file.ts:50:24)
          at normalizeFile.next (<anonymous>)
      at run 
(node_modules/@babel/core/src/transformation/index.ts:41:36)
          at run.next (<anonymous>)
      at transform 
(node_modules/@babel/core/src/transform.ts:29:20)
          at transform.next (<anonymous>)
      at evaluateSync (node_modules/gensync/index.js:251:28)
      at fn (node_modules/gensync/index.js:89:14)
      at stopHiding - secret - don't use this - v1 (node_module
s/@babel/core/src/errors/rewrite-stack-trace.ts:99:14)
      at transformSync 
(node_modules/@babel/core/src/transform.ts:66:52)
      at ScriptTransformer.transformSource (node_modules/@jest/
transform/build/ScriptTransformer.js:619:31)
      at ScriptTransformer._transformAndBuildScript (node_modul
es/@jest/transform/build/ScriptTransformer.js:765:40)
      at ScriptTransformer.transform (node_modules/@jest/transf
orm/build/ScriptTransformer.js:822:19)
      at Object.<anonymous> 
(src/features/recovery/RecoverAdminForm.jsx:6:1)
      at Object.<anonymous> 
(src/features/recovery/RecoverAdminForm.test.js:4:1)

FAIL src/components/SlidingOverlapCalendar.test.js
  ÔùÅ Test suite failed to run

    Jest encountered an unexpected token

    Jest failed to parse a file. This happens e.g. when your 
code or its dependencies use non-standard JavaScript syntax, 
or when Jest is not configured to support such syntax.

    Out of the box Jest supports Babel, which will be used to 
transform your files into valid JS based on your Babel 
configuration.

    By default "node_modules" folder is ignored by 
transformers.

    Here's what you can do:
     ÔÇó If you are trying to use ECMAScript Modules, see 
https://jestjs.io/docs/ecmascript-modules for how to enable it.
     ÔÇó If you are trying to use TypeScript, see 
https://jestjs.io/docs/getting-started#using-typescript
     ÔÇó To have some of your "node_modules" files 
transformed, you can specify a custom 
"transformIgnorePatterns" in your config.
     ÔÇó If you need a custom transformation specify a 
"transform" option in your config.
     ÔÇó If you simply want to mock your non-JS modules (e.g. 
binary assets) you can stub them out with the 
"moduleNameMapper" config option.

    You'll find more details and examples of these config 
options in the docs:
    https://jestjs.io/docs/configuration
    For information about custom transformations, see:
    https://jestjs.io/docs/code-transformation

    Details:

    SyntaxError: C:\Users\leotm\Desktop\Projetos\Programming\va
cation-scheduler\src\shared\ui\index.js: `Modal` has already 
been exported. Exported identifiers must be unique. (3:9)

    [0m [90m 1 |[39m [36mexport[39m { [36mdefault[39m 
[36mas[39m [33mModal[39m } [36mfrom[39m 
[32m'./Modal'[39m[33m;[39m
     [90m 2 |[39m [36mexport[39m { [36mdefault[39m 
[36mas[39m [33mInput[39m[33m,[39m 
[33mReadOnlyInput[39m[33m,[39m [33mLabel[39m[33m,[39m 
[33mTextarea[39m } [36mfrom[39m 
[32m'./Input'[39m[33m;[39m
    [31m[1m>[22m[39m[90m 3 |[39m [36mexport[39m { 
[36mdefault[39m [36mas[39m [33mModal[39m } 
[36mfrom[39m [32m'./Modal'[39m[33m;[39m
     [90m   |[39m          [31m[1m^[22m[39m
     [90m 4 |[39m [36mexport[39m { [36mdefault[39m 
[36mas[39m [33mInput[39m[33m,[39m 
[33mReadOnlyInput[39m[33m,[39m [33mLabel[39m[33m,[39m 
[33mTextarea[39m } [36mfrom[39m 
[32m'./Input'[39m[33m;[39m
     [90m 5 |[39m [36mexport[39m { [36mdefault[39m 
[36mas[39m [33mButton[39m } [36mfrom[39m 
[32m'./Button'[39m[33m;[39m
     [90m 6 |[39m [36mexport[39m { [36mdefault[39m 
[36mas[39m [33mCopyButton[39m } [36mfrom[39m 
[32m'./CopyButton'[39m[33m;[39m[0m

    [0m [90m 2 |[39m [36mimport[39m { 
getDatesBetween[33m,[39m formatDateRange[33m,[39m 
getTopFilteredOverlaps } [36mfrom[39m 
[32m'../utils/overlap'[39m[33m;[39m
     [90m 3 |[39m [36mimport[39m { [33mCalendar[39m 
[36mas[39m [33mCalendarIcon[39m[33m,[39m 
[33mUsers[39m[33m,[39m [33mEdit2[39m[33m,[39m 
[33mPlay[39m[33m,[39m [33mChevronLeft[39m[33m,[39m 
[33mChevronRight[39m[33m,[39m [33mXIcon[39m[33m,[39m 
[33mPartyPopper[39m[33m,[39m [33mUserX[39m[33m,[39m 
[33mTrendingUp[39m } [36mfrom[39m 
[32m'lucide-react'[39m[33m;[39m
    [31m[1m>[22m[39m[90m 4 |[39m [36mimport[39m { 
[33mTruncatedText[39m } [36mfrom[39m 
[32m'../shared/ui'[39m[33m;[39m
     [90m   |[39m [31m[1m^[22m[39m
     [90m 5 |[39m
     [90m 6 |[39m [36mfunction[39m 
[33mSlidingOverlapCalendar[39m({ startDate[33m,[39m 
endDate[33m,[39m participants[33m,[39m duration[33m,[39m 
overlaps[33m,[39m onDurationChange }) {
     [90m 7 |[39m     [36mconst[39m 
[currentMonth[33m,[39m setCurrentMonth] [33m=[39m 
useState([36mnew[39m 
[33mDate[39m(startDate)[33m.[39mgetMonth())[33m;[39m[0m

      at toParseError 
(node_modules/@babel/parser/src/parse-error.ts:95:45)
      at FlowParserMixin.raise 
(node_modules/@babel/parser/src/tokenizer/index.ts:1504:19)
      at FlowParserMixin.checkDuplicateExports 
(node_modules/@babel/parser/src/parser/statement.ts:2848:14)
      at FlowParserMixin.checkExport 
(node_modules/@babel/parser/src/parser/statement.ts:2775:16)
      at FlowParserMixin.parseExport 
(node_modules/@babel/parser/src/parser/statement.ts:2439:12)
      at FlowParserMixin.parseStatementContent 
(node_modules/@babel/parser/src/parser/statement.ts:649:25)
      at FlowParserMixin.parseStatementLike 
(node_modules/@babel/parser/src/parser/statement.ts:482:17)
      at FlowParserMixin.parseStatementLike 
(node_modules/@babel/parser/src/plugins/flow/index.ts:1991:26)
      at FlowParserMixin.parseModuleItem 
(node_modules/@babel/parser/src/parser/statement.ts:419:17)
      at FlowParserMixin.parseBlockOrModuleBlockBody 
(node_modules/@babel/parser/src/parser/statement.ts:1443:16)
      at FlowParserMixin.parseBlockBody 
(node_modules/@babel/parser/src/parser/statement.ts:1417:10)
      at FlowParserMixin.parseProgram 
(node_modules/@babel/parser/src/parser/statement.ts:229:10)
      at FlowParserMixin.parseTopLevel 
(node_modules/@babel/parser/src/parser/statement.ts:203:25)
      at FlowParserMixin.parseTopLevel 
(node_modules/@babel/parser/src/plugins/flow/index.ts:3372:30)
      at FlowParserMixin.parse 
(node_modules/@babel/parser/src/parser/index.ts:83:25)
      at parse (node_modules/@babel/parser/src/index.ts:86:38)
      at parser 
(node_modules/@babel/core/src/parser/index.ts:29:19)
          at parser.next (<anonymous>)
      at normalizeFile (node_modules/@babel/core/src/transforma
tion/normalize-file.ts:50:24)
          at normalizeFile.next (<anonymous>)
      at run 
(node_modules/@babel/core/src/transformation/index.ts:41:36)
          at run.next (<anonymous>)
      at transform 
(node_modules/@babel/core/src/transform.ts:29:20)
          at transform.next (<anonymous>)
      at evaluateSync (node_modules/gensync/index.js:251:28)
      at fn (node_modules/gensync/index.js:89:14)
      at stopHiding - secret - don't use this - v1 (node_module
s/@babel/core/src/errors/rewrite-stack-trace.ts:99:14)
      at transformSync 
(node_modules/@babel/core/src/transform.ts:66:52)
      at ScriptTransformer.transformSource (node_modules/@jest/
transform/build/ScriptTransformer.js:619:31)
      at ScriptTransformer._transformAndBuildScript (node_modul
es/@jest/transform/build/ScriptTransformer.js:765:40)
      at ScriptTransformer.transform (node_modules/@jest/transf
orm/build/ScriptTransformer.js:822:19)
      at Object.<anonymous> 
(src/components/SlidingOverlapCalendar.js:4:1)
      at Object.<anonymous> 
(src/components/SlidingOverlapCalendar.test.js:3:1)

FAIL src/components/AdminPanel.test.js
  ÔùÅ Test suite failed to run

    Jest encountered an unexpected token

    Jest failed to parse a file. This happens e.g. when your 
code or its dependencies use non-standard JavaScript syntax, 
or when Jest is not configured to support such syntax.

    Out of the box Jest supports Babel, which will be used to 
transform your files into valid JS based on your Babel 
configuration.

    By default "node_modules" folder is ignored by 
transformers.

    Here's what you can do:
     ÔÇó If you are trying to use ECMAScript Modules, see 
https://jestjs.io/docs/ecmascript-modules for how to enable it.
     ÔÇó If you are trying to use TypeScript, see 
https://jestjs.io/docs/getting-started#using-typescript
     ÔÇó To have some of your "node_modules" files 
transformed, you can specify a custom 
"transformIgnorePatterns" in your config.
     ÔÇó If you need a custom transformation specify a 
"transform" option in your config.
     ÔÇó If you simply want to mock your non-JS modules (e.g. 
binary assets) you can stub them out with the 
"moduleNameMapper" config option.

    You'll find more details and examples of these config 
options in the docs:
    https://jestjs.io/docs/configuration
    For information about custom transformations, see:
    https://jestjs.io/docs/code-transformation

    Details:

    SyntaxError: C:\Users\leotm\Desktop\Projetos\Programming\va
cation-scheduler\src\shared\ui\index.js: `Modal` has already 
been exported. Exported identifiers must be unique. (3:9)

    [0m [90m 1 |[39m [36mexport[39m { [36mdefault[39m 
[36mas[39m [33mModal[39m } [36mfrom[39m 
[32m'./Modal'[39m[33m;[39m
     [90m 2 |[39m [36mexport[39m { [36mdefault[39m 
[36mas[39m [33mInput[39m[33m,[39m 
[33mReadOnlyInput[39m[33m,[39m [33mLabel[39m[33m,[39m 
[33mTextarea[39m } [36mfrom[39m 
[32m'./Input'[39m[33m;[39m
    [31m[1m>[22m[39m[90m 3 |[39m [36mexport[39m { 
[36mdefault[39m [36mas[39m [33mModal[39m } 
[36mfrom[39m [32m'./Modal'[39m[33m;[39m
     [90m   |[39m          [31m[1m^[22m[39m
     [90m 4 |[39m [36mexport[39m { [36mdefault[39m 
[36mas[39m [33mInput[39m[33m,[39m 
[33mReadOnlyInput[39m[33m,[39m [33mLabel[39m[33m,[39m 
[33mTextarea[39m } [36mfrom[39m 
[32m'./Input'[39m[33m;[39m
     [90m 5 |[39m [36mexport[39m { [36mdefault[39m 
[36mas[39m [33mButton[39m } [36mfrom[39m 
[32m'./Button'[39m[33m;[39m
     [90m 6 |[39m [36mexport[39m { [36mdefault[39m 
[36mas[39m [33mCopyButton[39m } [36mfrom[39m 
[32m'./CopyButton'[39m[33m;[39m[0m

    [0m [90m 10 |[39m [36mimport[39m { useCopyToClipboard 
} [36mfrom[39m 
[32m'../../hooks/useCopyToClipboard'[39m[33m;[39m
     [90m 11 |[39m [36mimport[39m { 
validateParticipantName } [36mfrom[39m 
[32m'../../utils/participantValidation'[39m[33m;[39m
    [31m[1m>[22m[39m[90m 12 |[39m [36mimport[39m { 
[33mButton[39m[33m,[39m 
[33mLoadingSpinner[39m[33m,[39m [33mCard[39m[33m,[39m 
[33mTruncatedText[39m[33m,[39m [33mConfirmDialog[39m } 
[36mfrom[39m [32m'../../shared/ui'[39m[33m;[39m
     [90m    |[39m [31m[1m^[22m[39m
     [90m 13 |[39m [36mimport[39m { useGroupData } 
[36mfrom[39m [32m'./hooks/useGroupData'[39m[33m;[39m
     [90m 14 |[39m [36mimport[39m { useParticipantActions 
} [36mfrom[39m 
[32m'./hooks/useParticipantActions'[39m[33m;[39m
     [90m 15 |[39m [36mimport[39m [33mGroupSettings[39m 
[36mfrom[39m [32m'./GroupSettings'[39m[33m;[39m[0m

      at toParseError 
(node_modules/@babel/parser/src/parse-error.ts:95:45)
      at FlowParserMixin.raise 
(node_modules/@babel/parser/src/tokenizer/index.ts:1504:19)
      at FlowParserMixin.checkDuplicateExports 
(node_modules/@babel/parser/src/parser/statement.ts:2848:14)
      at FlowParserMixin.checkExport 
(node_modules/@babel/parser/src/parser/statement.ts:2775:16)
      at FlowParserMixin.parseExport 
(node_modules/@babel/parser/src/parser/statement.ts:2439:12)
      at FlowParserMixin.parseStatementContent 
(node_modules/@babel/parser/src/parser/statement.ts:649:25)
      at FlowParserMixin.parseStatementLike 
(node_modules/@babel/parser/src/parser/statement.ts:482:17)
      at FlowParserMixin.parseStatementLike 
(node_modules/@babel/parser/src/plugins/flow/index.ts:1991:26)
      at FlowParserMixin.parseModuleItem 
(node_modules/@babel/parser/src/parser/statement.ts:419:17)
      at FlowParserMixin.parseBlockOrModuleBlockBody 
(node_modules/@babel/parser/src/parser/statement.ts:1443:16)
      at FlowParserMixin.parseBlockBody 
(node_modules/@babel/parser/src/parser/statement.ts:1417:10)
      at FlowParserMixin.parseProgram 
(node_modules/@babel/parser/src/parser/statement.ts:229:10)
      at FlowParserMixin.parseTopLevel 
(node_modules/@babel/parser/src/parser/statement.ts:203:25)
      at FlowParserMixin.parseTopLevel 
(node_modules/@babel/parser/src/plugins/flow/index.ts:3372:30)
      at FlowParserMixin.parse 
(node_modules/@babel/parser/src/parser/index.ts:83:25)
      at parse (node_modules/@babel/parser/src/index.ts:86:38)
      at parser 
(node_modules/@babel/core/src/parser/index.ts:29:19)
          at parser.next (<anonymous>)
      at normalizeFile (node_modules/@babel/core/src/transforma
tion/normalize-file.ts:50:24)
          at normalizeFile.next (<anonymous>)
      at run 
(node_modules/@babel/core/src/transformation/index.ts:41:36)
          at run.next (<anonymous>)
      at transform 
(node_modules/@babel/core/src/transform.ts:29:20)
          at transform.next (<anonymous>)
      at evaluateSync (node_modules/gensync/index.js:251:28)
      at fn (node_modules/gensync/index.js:89:14)
      at stopHiding - secret - don't use this - v1 (node_module
s/@babel/core/src/errors/rewrite-stack-trace.ts:99:14)
      at transformSync 
(node_modules/@babel/core/src/transform.ts:66:52)
      at ScriptTransformer.transformSource (node_modules/@jest/
transform/build/ScriptTransformer.js:619:31)
      at ScriptTransformer._transformAndBuildScript (node_modul
es/@jest/transform/build/ScriptTransformer.js:765:40)
      at ScriptTransformer.transform (node_modules/@jest/transf
orm/build/ScriptTransformer.js:822:19)
      at Object.<anonymous> 
(src/features/admin/AdminPage.jsx:12:1)
      at Object.<anonymous> (src/components/AdminPanel.js:2:1)
      at Object.<anonymous> 
(src/components/AdminPanel.test.js:100:1)

Test Suites: 4 failed, 8 passed, 12 total
Tests:       127 passed, 127 total
Snapshots:   0 total
Time:        7.53 s
Ran all test suites.
